cargo : warning: unused import: `chrono::Utc`
所在位置 行:1 字符: 28
+ Set-Location D:\xi-system; cargo build --release 2>&1 | Out-File -Fil ...
+                            ~~~~~~~~~~~~~~~~~~~~~~~~~~
    + CategoryInfo          : NotSpecified: (warning: unused import: `chrono::Utc`:String) [], RemoteException
    + FullyQualifiedErrorId : NativeCommandError
 
 --> src\assets.rs:6:5
  |
6 | use chrono::Utc;
  |     ^^^^^^^^^^^
  |
  = note: `#[warn(unused_imports)]` (part of `#[warn(unused)]`) on by default

warning: unused import: `HashSet`
 --> src\assets.rs:8:33
  |
8 | use std::collections::{HashMap, HashSet};
  |                                 ^^^^^^^

warning: unused import: `chrono::Utc`
  --> src\brain.rs:10:5
   |
10 | use chrono::Utc;
   |     ^^^^^^^^^^^

warning: unused import: `std::collections::HashMap`
 --> src\evidence_first.rs:7:5
  |
7 | use std::collections::HashMap;
  |     ^^^^^^^^^^^^^^^^^^^^^^^^^

warning: unused import: `MemoryZone`
 --> src\token_budget.rs:9:42
  |
9 | use crate::memory::{Memory, MemoryEntry, MemoryZone};
  |                                          ^^^^^^^^^^

warning: use of deprecated method `chrono::NaiveDateTime::timestamp`: use `.and_utc().timestamp()` instead
  --> src\proactive.rs:80:40
   |
80 |                     - last.naive_utc().timestamp();
   |                                        ^^^^^^^^^
   |
   = note: `#[warn(deprecated)]` on by default

warning: use of deprecated method `chrono::NaiveDateTime::timestamp`: use `.and_utc().timestamp()` instead
   --> src\scenario.rs:330:36
    |
330 |                 - last.naive_utc().timestamp() as f64) / 3600.0
    |                                    ^^^^^^^^^

warning: value assigned to `tags` is never read
   --> src\ctx2soft.rs:778:24
    |
778 |         let mut tags = Vec::new();
    |                        ^^^^^^^^^^ this value is reassigned later and never used
...
840 |             tags = vec!["pattern-auto".into()];
    |             ---- `tags` is overwritten here before the previous value is read
    |
    = note: `#[warn(unused_assignments)]` (part of `#[warn(unused)]`) on by default

warning: value assigned to `in_frontmatter` is never read
   --> src\poller.rs:123:13
    |
123 |             in_frontmatter = false;
    |             ^^^^^^^^^^^^^^^^^^^^^^
    |
    = help: maybe it is overwritten before being read?

warning: unused variable: `h`
   --> src\scenario.rs:203:13
    |
203 |         let h = hour.unwrap_or(tp.hour);
    |             ^ help: if this is intentional, prefix it with an underscore: `_h`
    |
    = note: `#[warn(unused_variables)]` (part of `#[warn(unused)]`) on by default

warning: unused variable: `status`
   --> src\wechat.rs:265:13
    |
265 |         let status = resp.status().as_u16();
    |             ^^^^^^ help: if this is intentional, prefix it with an underscore: `_status`

warning: unused variable: `caption`
   --> src\wechat.rs:459:9
    |
459 |         caption: &str,
    |         ^^^^^^^ help: if this is intentional, prefix it with an underscore: `_caption`

warning: type `EmotionResponse` is more private than the item `ScenarioAdapter::emotion_response`
   --> src\scenario.rs:179:5
    |
179 |     pub emotion_response: HashMap<String, EmotionResponse>,
    |     ^^^^^^^^^^^^^^^^^^^^^^^^^^^^^^^^^^^^^^^^^^^^^^^^^^^^^^ field `ScenarioAdapter::emotion_response` is reachable
 at visibility `pub`
    |
note: but type `EmotionResponse` is only usable at visibility `pub(self)`
   --> src\scenario.rs:108:1
    |
108 | struct EmotionResponse {
    | ^^^^^^^^^^^^^^^^^^^^^^
    = note: `#[warn(private_interfaces)]` on by default

warning: constant `HOME` is never used
 --> src\aesthetics.rs:9:7
  |
9 | const HOME: &str = "/mnt/d/xi-system";
  |       ^^^^
  |
  = note: `#[warn(dead_code)]` (part of `#[warn(unused)]`) on by default

warning: function `path` is never used
  --> src\aesthetics.rs:58:4
   |
58 | fn path() -> String {
   |    ^^^^

warning: function `load` is never used
  --> src\aesthetics.rs:62:4
   |
62 | fn load() -> StyleDB {
   |    ^^^^

warning: function `save` is never used
  --> src\aesthetics.rs:70:4
   |
70 | fn save(db: &StyleDB) {
   |    ^^^^

warning: constant `CANDIDATE_MAX` is never used
  --> src\assets.rs:14:7
   |
14 | const CANDIDATE_MAX: f64 = 0.4;
   |       ^^^^^^^^^^^^^

warning: constant `PROMOTE_DELTA` is never used
  --> src\assets.rs:17:7
   |
17 | const PROMOTE_DELTA: f64 = 0.15;
   |       ^^^^^^^^^^^^^

warning: constant `AUTO_PROMOTE_EVIDENCE` is never used
  --> src\assets.rs:18:7
   |
18 | const AUTO_PROMOTE_EVIDENCE: u32 = 3;
   |       ^^^^^^^^^^^^^^^^^^^^^

warning: constant `AUTO_PROMOTE_DELTA` is never used
  --> src\assets.rs:19:7
   |
19 | const AUTO_PROMOTE_DELTA: f64 = 0.12;
   |       ^^^^^^^^^^^^^^^^^^

warning: constant `STATE_DIR` is never used
  --> src\brain.rs:15:7
   |
15 | const STATE_DIR: &str = "/mnt/d/xi-system/state/brain";
   |       ^^^^^^^^^

warning: constant `REGION_DESCRIPTIONS` is never used
  --> src\brain.rs:23:7
   |
23 | const REGION_DESCRIPTIONS: [(&str, &str); 8] = [
   |       ^^^^^^^^^^^^^^^^^^^

warning: constant `MIN_WORKING_FOR_LIGHT` is never used
  --> src\dream.rs:13:7
   |
13 | const MIN_WORKING_FOR_LIGHT: usize = 3;
   |       ^^^^^^^^^^^^^^^^^^^^^

warning: constant `MIN_EPISODIC_FOR_DEEP` is never used
  --> src\dream.rs:14:7
   |
14 | const MIN_EPISODIC_FOR_DEEP: usize = 10;
   |       ^^^^^^^^^^^^^^^^^^^^^

warning: constant `MIN_TOTAL_FOR_REM` is never used
  --> src\dream.rs:15:7
   |
15 | const MIN_TOTAL_FOR_REM: usize = 20;
   |       ^^^^^^^^^^^^^^^^^

warning: constant `WORKING_WINDOW` is never used
  --> src\dream.rs:16:7
   |
16 | const WORKING_WINDOW: usize = 5;
   |       ^^^^^^^^^^^^^^

warning: constant `EPISODIC_WINDOW` is never used
  --> src\dream.rs:17:7
   |
17 | const EPISODIC_WINDOW: usize = 20;
   |       ^^^^^^^^^^^^^^^

warning: constant `REM_BUCKETS` is never used
  --> src\dream.rs:18:7
   |
18 | const REM_BUCKETS: usize = 3;
   |       ^^^^^^^^^^^

warning: constant `MAX_LOG` is never used
  --> src\dream.rs:19:7
   |
19 | const MAX_LOG: usize = 50;
   |       ^^^^^^^

warning: constant `TOPICS` is never used
  --> src\dream.rs:38:7
   |
38 | const TOPICS: &[(&str, &[&str])] = &[
   |       ^^^^^^

warning: function `extract_words` is never used
  --> src\dream.rs:47:4
   |
47 | fn extract_words(text: &str) -> HashSet<String> {
   |    ^^^^^^^^^^^^^

warning: function `classify_topic` is never used
  --> src\dream.rs:56:4
   |
56 | fn classify_topic(text: &str) -> Vec<&'static str> {
   |    ^^^^^^^^^^^^^^

warning: function `sentiment` is never used
  --> src\dream.rs:67:4
   |
67 | fn sentiment(text: &str) -> &'static str {
   |    ^^^^^^^^^

warning: function `light_dream` is never used
  --> src\dream.rs:78:4
   |
78 | fn light_dream(working: &[String]) -> Option<DreamEntry> {
   |    ^^^^^^^^^^^

warning: function `deep_dream` is never used
   --> src\dream.rs:119:4
    |
119 | fn deep_dream(episodic: &[String]) -> Option<DreamEntry> {
    |    ^^^^^^^^^^

warning: function `rem_dream` is never used
   --> src\dream.rs:151:4
    |
151 | fn rem_dream(working: &[String], episodic: &[String]) -> Option<DreamEntry> {
    |    ^^^^^^^^^

warning: function `dream_cycle` is never used
   --> src\dream.rs:213:4
    |
213 | fn dream_cycle(working: Vec<String>, episodic: Vec<String>) -> Vec<DreamEntry> {
    |    ^^^^^^^^^^^

warning: method `describe` is never used
   --> src\emotion.rs:307:8
    |
117 | impl EmotionState {
    | ----------------- method in this implementation
...
307 |     fn describe(&self) -> String {
    |        ^^^^^^^^

warning: method `decay` is never used
  --> src\evolution.rs:30:8
   |
25 | impl Signals {
   | ------------ method in this implementation
...
30 |     fn decay(&mut self) {
   |        ^^^^^

warning: associated items `snapshot_baseline_to_iteration`, `write_gate_scores`, `write_trace_entry`, `load_previous_ga
te_scores`, and `resolve_proposal` are never used
   --> src\evolution.rs:417:8
    |
236 | impl EvolutionState {
    | ------------------- associated items in this implementation
...
417 |     fn snapshot_baseline_to_iteration(&self, dir: &Path) -> std::io::Result<()> {
    |        ^^^^^^^^^^^^^^^^^^^^^^^^^^^^^^
...
437 |     fn write_gate_scores(&self, dir: &Path, gate_scores: &HashMap<String, f64>, verdict: &str) -> std::io::Result
<()> {
    |        ^^^^^^^^^^^^^^^^^
...
451 |     fn write_trace_entry(&self, dir: &Path, step_name: &str, content: &str) -> std::io::Result<()> {
    |        ^^^^^^^^^^^^^^^^^
...
496 |     fn load_previous_gate_scores(iteration: usize) -> Option<serde_json::Value> {
    |        ^^^^^^^^^^^^^^^^^^^^^^^^^
...
598 |     fn resolve_proposal(&mut self, proposal_id: &str) -> bool {
    |        ^^^^^^^^^^^^^^^^

warning: method `detect_anomalies` is never used
   --> src\grn.rs:220:8
    |
105 | impl GeneRegulatoryNetwork {
    | -------------------------- method in this implementation
...
220 |     fn detect_anomalies(&self, expression: &HashMap<String, f64>) -> Vec<GeneAnomaly> {
    |        ^^^^^^^^^^^^^^^^

warning: fields `user_id` and `device_id` are never read
  --> src\matrix_bridge.rs:40:5
   |
38 | struct LoginResponse {
   |        ------------- fields in this struct
39 |     access_token: String,
40 |     user_id: String,
   |     ^^^^^^^
41 |     device_id: Option<String>,
   |     ^^^^^^^^^

warning: field `prev_batch` is never read
  --> src\matrix_bridge.rs:73:5
   |
70 | struct Timeline {
   |        -------- field in this struct
...
73 |     prev_batch: Option<String>,
   |     ^^^^^^^^^^

warning: field `unsigned` is never read
  --> src\matrix_bridge.rs:89:5
   |
77 | struct RoomEvent {
   |        --------- field in this struct
...
89 |     unsigned: Option<UnsignedData>,
   |     ^^^^^^^^
   |
   = note: `RoomEvent` has derived impls for the traits `Debug` and `Clone`, but these are intentionally ignored during
 dead code analysis

warning: field `msgtype` is never read
  --> src\matrix_bridge.rs:97:5
   |
93 | struct EventContent {
   |        ------------ field in this struct
...
97 |     msgtype: Option<String>,
   |     ^^^^^^^
   |
   = note: `EventContent` has derived impls for the traits `Debug` and `Clone`, but these are intentionally ignored dur
ing dead code analysis

warning: field `age` is never read
   --> src\matrix_bridge.rs:102:5
    |
101 | struct UnsignedData {
    |        ------------ field in this struct
102 |     age: Option<u64>,
    |     ^^^
    |
    = note: `UnsignedData` has derived impls for the traits `Debug` and `Clone`, but these are intentionally ignored du
ring dead code analysis

warning: constant `EVIDENCE_KWS` is never used
  --> src\organs.rs:39:7
   |
39 | const EVIDENCE_KWS: [&str; 8] = ["proof", "data", "source", "cite", "verify", "placeholder", "fact", "claim"];
   |       ^^^^^^^^^^^^

warning: constant `MIN_INTERVAL_SECS` is never used
 --> src\proactive.rs:7:7
  |
7 | const MIN_INTERVAL_SECS: i64 = 1800;
  |       ^^^^^^^^^^^^^^^^^

warning: field `style` is never read
   --> src\scenario.rs:110:5
    |
108 | struct EmotionResponse {
    |        --------------- field in this struct
109 |     mode: &'static str,
110 |     style: &'static str,
    |     ^^^^^

warning: function `compress_entry` is never used
  --> src\token_budget.rs:33:4
   |
33 | fn compress_entry(entry: &MemoryEntry, max_chars: usize) -> String {
   |    ^^^^^^^^^^^^^^

warning: function `select_for_injection` is never used
  --> src\token_budget.rs:69:4
   |
69 | fn select_for_injection(
   |    ^^^^^^^^^^^^^^^^^^^^

warning: function `extract_expand_keywords` is never used
   --> src\token_budget.rs:202:4
    |
202 | fn extract_expand_keywords(text: &str) -> Vec<String> {
    |    ^^^^^^^^^^^^^^^^^^^^^^^

warning: `xi-system` (lib) generated 53 warnings (run `cargo fix --lib -p xi-system` to apply 8 suggestions)
   Compiling xi-system v2.0.0 (D:\xi-system)
warning: unused import: `std::collections::HashMap`
 --> src\repair.rs:4:5
  |
4 | use std::collections::HashMap;
  |     ^^^^^^^^^^^^^^^^^^^^^^^^^

warning: unused import: `tokio::fs`
 --> src\heartbeat.rs:2:5
  |
2 | use tokio::fs;
  |     ^^^^^^^^^

warning: unused import: `Duration`
 --> src\agent_loop.rs:6:17
  |
6 | use std::time::{Duration, Instant};
  |                 ^^^^^^^^

warning: unused import: `std::time::Instant`
  --> src\main.rs:33:5
   |
33 | use std::time::Instant;
   |     ^^^^^^^^^^^^^^^^^^

warning: unused variable: `status`
   --> src\wechat.rs:265:13
    |
265 |         let status = resp.status().as_u16();
    |             ^^^^^^ help: if this is intentional, prefix it with an underscore: `_status`
    |
    = note: `#[warn(unused_variables)]` (part of `#[warn(unused)]`) on by default

warning: unused variable: `h`
   --> src\scenario.rs:203:13
    |
203 |         let h = hour.unwrap_or(tp.hour);
    |             ^ help: if this is intentional, prefix it with an underscore: `_h`

warning: unused variable: `ctx2skill`
   --> src\agent_loop.rs:171:5
    |
171 |     ctx2skill: &mut crate::ctx2soft::Ctx2SoftState,
    |     ^^^^^^^^^ help: if this is intentional, prefix it with an underscore: `_ctx2skill`

warning: unused variable: `source`
   --> src\eyes.rs:320:46
    |
320 |     fn judge(&self, body: &str, title: &str, source: &SourceType) -> QualityGuess {
    |                                              ^^^^^^ help: if this is intentional, prefix it with an underscore: `
_source`

warning: unused variable: `emotion`
  --> src\main.rs:67:5
   |
67 |     emotion: &emotion::EmotionState,
   |     ^^^^^^^ help: if this is intentional, prefix it with an underscore: `_emotion`

warning: variable does not need to be mutable
   --> src\main.rs:315:9
    |
315 |     let mut throat_engine = throat::Throat::new();
    |         ----^^^^^^^^^^^^^
    |         |
    |         help: remove this `mut`
    |
    = note: `#[warn(unused_mut)]` (part of `#[warn(unused)]`) on by default

warning: variable does not need to be mutable
   --> src\main.rs:316:9
    |
316 |     let mut distiller = grid_distill::GridDistiller::new(5, 0.35);
    |         ----^^^^^^^^^
    |         |
    |         help: remove this `mut`

warning: unused variable: `distiller`
   --> src\main.rs:316:9
    |
316 |     let mut distiller = grid_distill::GridDistiller::new(5, 0.35);
    |         ^^^^^^^^^^^^^ help: if this is intentional, prefix it with an underscore: `_distiller`

warning: type `EmotionResponse` is more private than the item `ScenarioAdapter::emotion_response`
   --> src\scenario.rs:179:5
    |
179 |     pub emotion_response: HashMap<String, EmotionResponse>,
    |     ^^^^^^^^^^^^^^^^^^^^^^^^^^^^^^^^^^^^^^^^^^^^^^^^^^^^^^ field `ScenarioAdapter::emotion_response` is reachable
 at visibility `pub(crate)`
    |
note: but type `EmotionResponse` is only usable at visibility `pub(self)`
   --> src\scenario.rs:108:1
    |
108 | struct EmotionResponse {
    | ^^^^^^^^^^^^^^^^^^^^^^
    = note: `#[warn(private_interfaces)]` on by default

warning: constant `SAVE_INTERVAL` is never used
  --> src\main.rs:38:7
   |
38 | const SAVE_INTERVAL: u64 = 3;
   |       ^^^^^^^^^^^^^
   |
   = note: `#[warn(dead_code)]` (part of `#[warn(unused)]`) on by default

warning: function `write_pulse_event` is never used
  --> src\aibody_bridge.rs:85:8
   |
85 | pub fn write_pulse_event(entry: &ConversationEvent) {
   |        ^^^^^^^^^^^^^^^^^

warning: function `write_learning_event` is never used
   --> src\aibody_bridge.rs:115:8
    |
115 | pub fn write_learning_event(topics: &[&str], messages_count: u64, summary: &str) {
    |        ^^^^^^^^^^^^^^^^^^^^

warning: function `get_last_tick` is never used
   --> src\aibody_bridge.rs:140:4
    |
140 | fn get_last_tick(path: &PathBuf) -> u64 {
    |    ^^^^^^^^^^^^^

warning: function `trigger_aibody_sync` is never used
   --> src\aibody_bridge.rs:155:8
    |
155 | pub fn trigger_aibody_sync() {
    |        ^^^^^^^^^^^^^^^^^^^

warning: struct `ConversationEvent` is never constructed
   --> src\aibody_bridge.rs:233:12
    |
233 | pub struct ConversationEvent {
    |            ^^^^^^^^^^^^^^^^^

warning: associated function `new` is never used
   --> src\aibody_bridge.rs:241:12
    |
240 | impl ConversationEvent {
    | ---------------------- associated function in this implementation
241 |     pub fn new(user: &str, reply: &str, emotion: &str, intensity: f64) -> Self {
    |            ^^^

warning: constant `HOME` is never used
 --> src\aesthetics.rs:9:7
  |
9 | const HOME: &str = "/mnt/d/xi-system";
  |       ^^^^

warning: struct `StyleDB` is never constructed
  --> src\aesthetics.rs:12:12
   |
12 | pub struct StyleDB {
   |            ^^^^^^^

warning: struct `StyleReference` is never constructed
  --> src\aesthetics.rs:21:12
   |
21 | pub struct StyleReference {
   |            ^^^^^^^^^^^^^^

warning: struct `Preferences` is never constructed
  --> src\aesthetics.rs:31:12
   |
31 | pub struct Preferences {
   |            ^^^^^^^^^^^

warning: constant `PROMOTED_MIN` is never used
  --> src\assets.rs:15:7
   |
15 | const PROMOTED_MIN: f64 = 0.4;
   |       ^^^^^^^^^^^^

warning: constant `ASSET_MIN` is never used
  --> src\assets.rs:16:7
   |
16 | const ASSET_MIN: f64 = 0.7;
   |       ^^^^^^^^^

warning: function `gen_id` is never used
  --> src\assets.rs:35:4
   |
35 | fn gen_id() -> String {
   |    ^^^^^^

warning: function `now_iso` is never used
  --> src\assets.rs:43:4
   |
43 | fn now_iso() -> String {
   |    ^^^^^^^

warning: function `save` is never used
  --> src\assets.rs:55:4
   |
55 | fn save(data: &HashMap<String, Vec<Asset>>) {
   |    ^^^^

warning: function `compute_level` is never used
  --> src\assets.rs:62:4
   |
62 | fn compute_level(confidence: f64) -> String {
   |    ^^^^^^^^^^^^^

warning: function `add_candidate` is never used
  --> src\assets.rs:69:8
   |
69 | pub fn add_candidate(pool: &str, summary: &str, content: &str, confidence: f64, source: &str) -> Asset {
   |        ^^^^^^^^^^^^^

warning: function `promote` is never used
  --> src\assets.rs:92:8
   |
92 | pub fn promote(id: &str, delta: f64) -> bool {
   |        ^^^^^^^

warning: function `demote` is never used
   --> src\assets.rs:107:8
    |
107 | pub fn demote(id: &str) -> bool {
    |        ^^^^^^

warning: function `get_candidates` is never used
   --> src\assets.rs:112:8
    |
112 | pub fn get_candidates(pool: &str) -> Vec<Asset> {
    |        ^^^^^^^^^^^^^^

warning: function `get_promoted` is never used
   --> src\assets.rs:120:8
    |
120 | pub fn get_promoted(pool: &str) -> Vec<Asset> {
    |        ^^^^^^^^^^^^

warning: function `get_assets` is never used
   --> src\assets.rs:128:8
    |
128 | pub fn get_assets(pool: &str) -> Vec<Asset> {
    |        ^^^^^^^^^^

warning: constant `HOME` is never used
 --> src\disgust.rs:7:7
  |
7 | const HOME: &str = "/mnt/d/xi-system";
  |       ^^^^

warning: struct `DisgustEntry` is never constructed
  --> src\disgust.rs:10:12
   |
10 | pub struct DisgustEntry {
   |            ^^^^^^^^^^^^

warning: struct `EvolutionObservation` is never constructed
  --> src\disgust.rs:22:12
   |
22 | pub struct EvolutionObservation {
   |            ^^^^^^^^^^^^^^^^^^^^

warning: function `record_disgust` is never used
  --> src\disgust.rs:29:8
   |
29 | pub fn record_disgust(trigger: &str, detail: &str, severity: f64, category: &str) -> String {
   |        ^^^^^^^^^^^^^^

warning: function `get_pending_disgusts` is never used
  --> src\disgust.rs:60:8
   |
60 | pub fn get_pending_disgusts() -> Vec<DisgustEntry> {
   |        ^^^^^^^^^^^^^^^^^^^^

warning: function `mark_corrected` is never used
  --> src\disgust.rs:82:8
   |
82 | pub fn mark_corrected(entry_id: &str, correction: &str) {
   |        ^^^^^^^^^^^^^^

warning: function `to_evolution_observations` is never used
   --> src\disgust.rs:111:8
    |
111 | pub fn to_evolution_observations() -> Vec<EvolutionObservation> {
    |        ^^^^^^^^^^^^^^^^^^^^^^^^^

warning: struct `MemoryState` is never constructed
  --> src\dream.rs:32:12
   |
32 | pub struct MemoryState {
   |            ^^^^^^^^^^^

warning: associated items `default` and `decay` are never used
  --> src\evolution.rs:26:12
   |
25 | impl Signals {
   | ------------ associated items in this implementation
26 |     pub fn default() -> Self {
   |            ^^^^^^^
...
30 |     fn decay(&mut self) {
   |        ^^^^^

warning: method `avg_score` is never used
   --> src\evolution.rs:123:12
    |
122 | impl Proposal {
    | ------------- method in this implementation
123 |     pub fn avg_score(&self) -> f64 {
    |            ^^^^^^^^^

warning: constant `RATCHET_THRESHOLD` is never used
   --> src\evolution.rs:227:7
    |
227 | const RATCHET_THRESHOLD: f64 = 0.7;
    |       ^^^^^^^^^^^^^^^^^

warning: constant `GATE_FORMAT` is never used
   --> src\evolution.rs:228:7
    |
228 | const GATE_FORMAT: &str = "format";
    |       ^^^^^^^^^^^

warning: constant `GATE_CONTENT` is never used
   --> src\evolution.rs:229:7
    |
229 | const GATE_CONTENT: &str = "content";
    |       ^^^^^^^^^^^^

warning: constant `GATE_BEHAVIOR` is never used
   --> src\evolution.rs:230:7
    |
230 | const GATE_BEHAVIOR: &str = "behavior";
    |       ^^^^^^^^^^^^^

warning: constant `GATE_PERFORMANCE` is never used
   --> src\evolution.rs:231:7
    |
231 | const GATE_PERFORMANCE: &str = "performance";
    |       ^^^^^^^^^^^^^^^^

warning: constant `GATE_SAFETY` is never used
   --> src\evolution.rs:232:7
    |
232 | const GATE_SAFETY: &str = "safety";
    |       ^^^^^^^^^^^

warning: multiple associated items are never used
   --> src\evolution.rs:339:12
    |
236 | impl EvolutionState {
    | ------------------- associated items in this implementation
...
339 |     pub fn grn_regulate(&mut self, grn: &grn::GeneRegulatoryNetwork) {
    |            ^^^^^^^^^^^^
...
401 |     fn traces_root(&self) -> PathBuf {
    |        ^^^^^^^^^^^
...
406 |     pub fn create_iteration_dir(&self, iteration: usize) -> std::io::Result<PathBuf> {
    |            ^^^^^^^^^^^^^^^^^^^^
...
417 |     fn snapshot_baseline_to_iteration(&self, dir: &Path) -> std::io::Result<()> {
    |        ^^^^^^^^^^^^^^^^^^^^^^^^^^^^^^
...
437 |     fn write_gate_scores(&self, dir: &Path, gate_scores: &HashMap<String, f64>, verdict: &str) -> std::io::Result
<()> {
    |        ^^^^^^^^^^^^^^^^^
...
451 |     fn write_trace_entry(&self, dir: &Path, step_name: &str, content: &str) -> std::io::Result<()> {
    |        ^^^^^^^^^^^^^^^^^
...
458 |     pub fn load_iteration_snapshot(iteration: usize) -> Option<serde_json::Value> {
    |            ^^^^^^^^^^^^^^^^^^^^^^^
...
473 |     pub fn list_iteration_dirs() -> Vec<usize> {
    |            ^^^^^^^^^^^^^^^^^^^
...
496 |     fn load_previous_gate_scores(iteration: usize) -> Option<serde_json::Value> {
    |        ^^^^^^^^^^^^^^^^^^^^^^^^^
...
513 |     pub fn multi_gate_evaluate(&self, proposal_id: &str) -> (HashMap<String, f64>, bool) {
    |            ^^^^^^^^^^^^^^^^^^^
...
562 |     pub fn propose_mutation(&mut self, gene_key: &str, direction: &str, reason: &str) -> String {
    |            ^^^^^^^^^^^^^^^^
...
589 |     pub fn evaluate_proposal(&mut self, proposal_id: &str) -> (bool, HashMap<String, f64>) {
    |            ^^^^^^^^^^^^^^^^^
...
598 |     fn resolve_proposal(&mut self, proposal_id: &str) -> bool {
    |        ^^^^^^^^^^^^^^^^
...
690 |     pub fn describe(&self) -> String {
    |            ^^^^^^^^
...
701 |     pub fn gene_context(&self) -> String {
    |            ^^^^^^^^^^^^
...
744 |     pub fn record_failure(&mut self, dir: &Path, reason: &str) {
    |            ^^^^^^^^^^^^^^

warning: constant `GENES` is never used
  --> src\grn.rs:10:11
   |
10 | pub const GENES: [&str; 10] = [
   |           ^^^^^

warning: field `role_bias` is never read
  --> src\grn.rs:21:9
   |
18 | pub struct GeneCluster {
   |            ----------- field in this struct
...
21 |     pub role_bias: HashMap<String, f64>,
   |         ^^^^^^^^^
   |
   = note: `GeneCluster` has derived impls for the traits `Clone` and `Debug`, but these are intentionally ignored duri
ng dead code analysis

warning: fields `upregulators` and `downregulators` are never read
  --> src\grn.rs:48:9
   |
47 | pub struct GRNRules {
   |            -------- fields in this struct
48 |     pub upregulators: HashMap<String, f64>,
   |         ^^^^^^^^^^^^
49 |     pub downregulators: HashMap<String, f64>,
   |         ^^^^^^^^^^^^^^
   |
   = note: `GRNRules` has derived impls for the traits `Clone` and `Debug`, but these are intentionally ignored during 
dead code analysis

warning: methods `load_dict`, `get_rules`, `regulate`, and `detect_anomalies` are never used
   --> src\grn.rs:119:12
    |
105 | impl GeneRegulatoryNetwork {
    | -------------------------- methods in this implementation
...
119 |     pub fn load_dict(&mut self, data: HashMap<String, GRNRules>) {
    |            ^^^^^^^^^
...
124 |     pub fn get_rules(&self, gene: &str) -> Option<&GRNRules> {
    |            ^^^^^^^^^
...
133 |     pub fn regulate(
    |            ^^^^^^^^
...
220 |     fn detect_anomalies(&self, expression: &HashMap<String, f64>) -> Vec<GeneAnomaly> {
    |        ^^^^^^^^^^^^^^^^

warning: field `avg_expression` is never read
   --> src\grn.rs:239:9
    |
238 | pub struct ClusterInfo {
    |            ----------- field in this struct
239 |     pub avg_expression: f64,
    |         ^^^^^^^^^^^^^^
    |
    = note: `ClusterInfo` has derived impls for the traits `Clone` and `Debug`, but these are intentionally ignored dur
ing dead code analysis

warning: struct `GeneAnomaly` is never constructed
   --> src\grn.rs:246:12
    |
246 | pub struct GeneAnomaly {
    |            ^^^^^^^^^^^

warning: methods `active_entries`, `record_loaded`, `record_referenced`, `effectiveness_stats`, `search_by_keyword`, an
d `search_recent` are never used
   --> src\memory.rs:373:12
    |
150 | impl Memory {
    | ----------- methods in this implementation
...
373 |     pub fn active_entries(&self) -> Vec<&MemoryEntry> {
    |            ^^^^^^^^^^^^^^
...
383 |     pub fn record_loaded(&mut self, id: &str) {
    |            ^^^^^^^^^^^^^
...
389 |     pub fn record_referenced(&mut self, id: &str) {
    |            ^^^^^^^^^^^^^^^^^
...
395 |     pub fn effectiveness_stats(&self) -> Vec<(String, f64, u32, u32)> {
    |            ^^^^^^^^^^^^^^^^^^^
...
448 |     pub fn search_by_keyword(&self, query: &str) -> Vec<&MemoryEntry> {
    |            ^^^^^^^^^^^^^^^^^
...
467 |     pub fn search_recent(&self, hours: u64) -> Vec<&MemoryEntry> {
    |            ^^^^^^^^^^^^^

warning: function `top_genes` is never used
   --> src\soul.rs:171:8
    |
171 | pub fn top_genes(brain: &Brain, n: usize) -> Vec<(String, f64)> {
    |        ^^^^^^^^^

warning: function `tool_definitions` is never used
  --> src\tools.rs:16:8
   |
16 | pub fn tool_definitions() -> Vec<serde_json::Value> {
   |        ^^^^^^^^^^^^^^^^

warning: field `status` is never read
  --> src\wechat.rs:21:9
   |
20 | pub struct QrStatusResponse {
   |            ---------------- field in this struct
21 |     pub status: Option<i32>,
   |         ^^^^^^
   |
   = note: `QrStatusResponse` has derived impls for the traits `Clone` and `Debug`, but these are intentionally ignored
 during dead code analysis

warning: type alias `UpdatesResponse` is never used
  --> src\wechat.rs:33:10
   |
33 | pub type UpdatesResponse = GetUpdatesResult;
   |          ^^^^^^^^^^^^^^^

warning: field `context_token` is never read
  --> src\wechat.rs:38:9
   |
36 | pub struct WechatMessage {
   |            ------------- field in this struct
37 |     pub from_user_id: Option<String>,
38 |     pub context_token: Option<String>,
   |         ^^^^^^^^^^^^^
   |
   = note: `WechatMessage` has derived impls for the traits `Clone` and `Debug`, but these are intentionally ignored du
ring dead code analysis

warning: type alias `Message` is never used
  --> src\wechat.rs:43:10
   |
43 | pub type Message = WechatMessage;
   |          ^^^^^^^

warning: fields `ret` and `errcode` are never read
  --> src\wechat.rs:57:9
   |
56 | pub struct SendResponse {
   |            ------------ fields in this struct
57 |     pub ret: Option<i32>,
   |         ^^^
58 |     pub errcode: Option<i32>,
   |         ^^^^^^^
   |
   = note: `SendResponse` has derived impls for the traits `Clone` and `Debug`, but these are intentionally ignored dur
ing dead code analysis

warning: function `http_get` is never used
   --> src\wechat.rs:128:10
    |
128 | async fn http_get(
    |          ^^^^^^^^

warning: methods `check_token`, `get_user_info`, `get_upload_url`, `upload_ciphertext`, and `send_file` are never used
   --> src\wechat.rs:198:18
    |
158 | impl WeiLink {
    | ------------ methods in this implementation
...
198 |     pub async fn check_token(&self) -> Result<bool, String> {
    |                  ^^^^^^^^^^^
...
374 |     pub async fn get_user_info(&self, user_id: &str) -> Result<Value, String> {
    |                  ^^^^^^^^^^^^^
...
389 |     pub async fn get_upload_url(
    |                  ^^^^^^^^^^^^^^
...
419 |     pub async fn upload_ciphertext(
    |                  ^^^^^^^^^^^^^^^^^
...
455 |     pub async fn send_file(
    |                  ^^^^^^^^^

warning: constant `MEDIA_IMAGE` is never used
   --> src\wechat.rs:656:7
    |
656 | const MEDIA_IMAGE: i32 = 1;
    |       ^^^^^^^^^^^

warning: constant `MEDIA_VIDEO` is never used
   --> src\wechat.rs:657:7
    |
657 | const MEDIA_VIDEO: i32 = 2;
    |       ^^^^^^^^^^^

warning: constant `MEDIA_FILE` is never used
   --> src\wechat.rs:658:7
    |
658 | const MEDIA_FILE: i32 = 3;
    |       ^^^^^^^^^^

warning: constant `MEDIA_VOICE` is never used
   --> src\wechat.rs:659:7
    |
659 | const MEDIA_VOICE: i32 = 4;
    |       ^^^^^^^^^^^

warning: constant `ITEM_IMAGE` is never used
   --> src\wechat.rs:661:7
    |
661 | const ITEM_IMAGE: i32 = 2;
    |       ^^^^^^^^^^

warning: constant `ITEM_VOICE` is never used
   --> src\wechat.rs:662:7
    |
662 | const ITEM_VOICE: i32 = 3;
    |       ^^^^^^^^^^

warning: constant `ITEM_FILE` is never used
   --> src\wechat.rs:663:7
    |
663 | const ITEM_FILE: i32 = 4;
    |       ^^^^^^^^^

warning: constant `ITEM_VIDEO` is never used
   --> src\wechat.rs:664:7
    |
664 | const ITEM_VIDEO: i32 = 5;
    |       ^^^^^^^^^^

warning: function `classify_media` is never used
   --> src\wechat.rs:666:4
    |
666 | fn classify_media(path: &str) -> (i32, i32) {
    |    ^^^^^^^^^^^^^^

warning: function `pkcs7_pad` is never used
   --> src\wechat.rs:680:4
    |
680 | fn pkcs7_pad(data: &[u8], block_size: usize) -> Vec<u8> {
    |    ^^^^^^^^^

warning: function `aes_padded_size` is never used
   --> src\wechat.rs:687:4
    |
687 | fn aes_padded_size(raw_size: usize) -> usize {
    |    ^^^^^^^^^^^^^^^

warning: function `aes128_ecb_encrypt` is never used
   --> src\wechat.rs:691:4
    |
691 | fn aes128_ecb_encrypt(plaintext: &[u8], key: &[u8]) -> Vec<u8> {
    |    ^^^^^^^^^^^^^^^^^^

warning: function `md5_hex` is never used
   --> src\wechat.rs:701:4
    |
701 | fn md5_hex(data: &[u8]) -> String {
    |    ^^^^^^^

warning: method `pop_message` is never used
   --> src\matrix_bridge.rs:330:12
    |
111 | impl MatrixClient {
    | ----------------- method in this implementation
...
330 |     pub fn pop_message(&mut self) -> Option<MatrixMessage> {
    |            ^^^^^^^^^^^

warning: method `save` is never used
  --> src\brain.rs:72:12
   |
46 | impl NeuralCore {
   | --------------- method in this implementation
...
72 |     pub fn save(&self) {
   |            ^^^^

warning: method `rank` is never used
  --> src\ctx2soft.rs:36:12
   |
35 | impl SkillLayer {
   | --------------- method in this implementation
36 |     pub fn rank(&self) -> u8 {
   |            ^^^^

warning: field `0` is never read
  --> src\ctx2soft.rs:61:13
   |
61 |     KeepOld(String),
   |     ------- ^^^^^^
   |     |
   |     field in this variant
   |
   = note: `CrossTimeDecision` has derived impls for the traits `Clone` and `Debug`, but these are intentionally ignore
d during dead code analysis
help: consider changing the field to be of unit type to suppress this warning while preserving the field numbering, or 
remove the field
   |
61 -     KeepOld(String),
61 +     KeepOld(()),
   |

warning: associated items `classify` and `should_update_skill` are never used
   --> src\ctx2soft.rs:67:12
    |
 65 | impl ReflectionType {
    | ------------------- associated items in this implementation
 66 |     /// Classify execution outcome into a reflection type
 67 |     pub fn classify(success: bool, skill_used: bool, exec_detail: &str) -> Self {
    |            ^^^^^^^^
...
103 |     pub fn should_update_skill(&self) -> bool {
    |            ^^^^^^^^^^^^^^^^^^^

warning: methods `record_success`, `record_failure`, `record_edge_case`, and `render` are never used
   --> src\ctx2soft.rs:276:12
    |
265 | impl SkillMemory {
    | ---------------- methods in this implementation
...
276 |     pub fn record_success(&mut self, context: &str) {
    |            ^^^^^^^^^^^^^^
...
292 |     pub fn record_failure(&mut self, pattern: &str) {
    |            ^^^^^^^^^^^^^^
...
308 |     pub fn record_edge_case(&mut self, case: &str) {
    |            ^^^^^^^^^^^^^^^^
...
323 |     pub fn render(&self) -> String {
    |            ^^^^^^

warning: multiple methods are never used
    --> src\ctx2soft.rs:568:12
     |
 472 | impl Ctx2SoftState {
     | ------------------ methods in this implementation
...
 568 |     pub fn load_skill_body(&self, name: &str) -> Option<String> {
     |            ^^^^^^^^^^^^^^^
...
 914 |     pub fn reflect_on_execution(
     |            ^^^^^^^^^^^^^^^^^^^^
...
1443 |     pub fn run_cross_time_eval(&mut self) -> Vec<String> {
     |            ^^^^^^^^^^^^^^^^^^^
...
1486 |     pub fn summary(&self) -> String {
     |            ^^^^^^^
...
1558 |     pub fn record_trajectory(&mut self, trajectory: &[String]) {
     |            ^^^^^^^^^^^^^^^^^
...
1594 |     pub fn rpa_candidates(&self) -> Vec<String> {
     |            ^^^^^^^^^^^^^^
...
1608 |     pub fn prune(&mut self) -> Vec<String> {
     |            ^^^^^
...
1650 |     pub fn auto_promote(&mut self) -> Vec<String> {
     |            ^^^^^^^^^^^^
...
1679 |     pub fn auto_create_skill_from_trajectory(&mut self) -> Option<String> {
     |            ^^^^^^^^^^^^^^^^^^^^^^^^^^^^^^^^^

warning: constant `PERSONAL_KWS` is never used
  --> src\organs.rs:37:7
   |
37 | const PERSONAL_KWS: [&str; 10] = ["love", "miss", "hug", "trust", "promise", "remember", "forget", "important", "a
lways", "never"];
   |       ^^^^^^^^^^^^

warning: constant `DISGUST_KWS` is never used
  --> src\organs.rs:38:7
   |
38 | const DISGUST_KWS: [&str; 10] = ["lazy", "fake", "AI SLOP", "slop", "hack", "boring", "generic", "template", "boil
erplate", "placeho...
   |       ^^^^^^^^^^^

warning: associated function `new` is never used
  --> src\organs.rs:53:12
   |
52 | impl OrganSignal {
   | ---------------- associated function in this implementation
53 |     pub fn new(gene: &str, strength: f64, reason: &str, evidence: Vec<String>) -> Self {
   |            ^^^

warning: multiple methods are never used
   --> src\organs.rs:185:12
    |
174 | impl OrganSystem {
    | ---------------- methods in this implementation
...
185 |     pub fn save(&self) {
    |            ^^^^
...
212 |     pub fn heartbeat(&mut self, recent_messages: &[String]) -> Vec<OrganSignal> {
    |            ^^^^^^^^^
...
254 |     fn scan_personal_engram(&self, text: &str) -> Option<PersonalEngram> {
    |        ^^^^^^^^^^^^^^^^^^^^
...
279 |     fn engram_exists(&self, key: &str) -> bool {
    |        ^^^^^^^^^^^^^
...
283 |     fn trim_engrams(&mut self) {
    |        ^^^^^^^^^^^^
...
291 |     pub fn record_choice(
    |            ^^^^^^^^^^^^^
...
327 |     pub fn add_evidence(&mut self, claim: &str, evidence: &str, confidence: f64) {
    |            ^^^^^^^^^^^^
...
345 |     fn scan_disgust(&self, text: &str) -> Option<DisgustAsset> {
    |        ^^^^^^^^^^^^
...
365 |     fn disgust_exists(&self, id: &str) -> bool {
    |        ^^^^^^^^^^^^^^
...
371 |     pub fn propose_creation(&mut self, title: &str, description: &str) {
    |            ^^^^^^^^^^^^^^^^
...
384 |     pub fn complete_creation(&mut self, creation_id: &str, verification: &str) {
    |            ^^^^^^^^^^^^^^^^^
...
395 |     pub fn apply_patch(&mut self, source: &str, gene: &str, old_val: f64, new_val: f64, reason: &str) {
    |            ^^^^^^^^^^^

warning: function `make_id` is never used
   --> src\organs.rs:441:4
    |
441 | fn make_id(prefix: &str) -> String {
    |    ^^^^^^^

warning: function `uuid_v4` is never used
   --> src\organs.rs:447:4
    |
447 | fn uuid_v4() -> String {
    |    ^^^^^^^

warning: function `summarize_text` is never used
   --> src\organs.rs:452:4
    |
452 | fn summarize_text(text: &str, limit: usize) -> String {
    |    ^^^^^^^^^^^^^^

warning: function `abs_hash` is never used
   --> src\organs.rs:462:4
    |
462 | fn abs_hash(text: &str) -> String {
    |    ^^^^^^^^

warning: function `is_late_night` is never used
   --> src\scenario.rs:166:8
    |
166 | pub fn is_late_night() -> bool {
    |        ^^^^^^^^^^^^^

warning: method `status` is never used
   --> src\scenario.rs:288:12
    |
183 | impl ScenarioAdapter {
    | -------------------- method in this implementation
...
288 |     pub fn status(&self) -> String {
    |            ^^^^^^

warning: methods `tick`, `hours_since_last_ask`, `should_ask`, and `satisfied` are never used
   --> src\scenario.rs:319:12
    |
306 | impl Need {
    | --------- methods in this implementation
...
319 |     pub fn tick(&mut self, hours_since_last_chat: f64) {
    |            ^^^^
...
325 |     fn hours_since_last_ask(&self) -> f64 {
    |        ^^^^^^^^^^^^^^^^^^^^
...
334 |     pub fn should_ask(&self) -> bool {
    |            ^^^^^^^^^^
...
341 |     pub fn satisfied(&mut self, amount: f64) {
    |            ^^^^^^^^^

warning: methods `update`, `check`, `satisfy`, and `status` are never used
   --> src\scenario.rs:374:12
    |
353 | impl NeedSystem {
    | --------------- methods in this implementation
...
374 |     pub fn update(&mut self, hours_since_last_chat: f64) {
    |            ^^^^^^
...
380 |     pub fn check(&mut self, hours_since_last_chat: f64) -> Option<String> {
    |            ^^^^^
...
411 |     pub fn satisfy(&mut self, need_name: &str, amount: f64) {
    |            ^^^^^^^
...
417 |     pub fn status(&self) -> String {
    |            ^^^^^^

warning: field `needs` is never read
   --> src\scenario.rs:432:9
    |
430 | pub struct BehaviorLayer {
    |            ------------- field in this struct
431 |     pub scenario: ScenarioAdapter,
432 |     pub needs: NeedSystem,
    |         ^^^^^

warning: method `build` is never used
   --> src\scenario.rs:443:12
    |
435 | impl BehaviorLayer {
    | ------------------ method in this implementation
...
443 |     pub fn build(
    |            ^^^^^

warning: struct `BehaviorConfig` is never constructed
   --> src\scenario.rs:475:12
    |
475 | pub struct BehaviorConfig {
    |            ^^^^^^^^^^^^^^

warning: method `to_prompt_block` is never used
   --> src\scenario.rs:486:12
    |
485 | impl BehaviorConfig {
    | ------------------- method in this implementation
486 |     pub fn to_prompt_block(&self) -> String {
    |            ^^^^^^^^^^^^^^^

warning: field `last_dim_count` is never read
  --> src\throat.rs:32:9
   |
30 | pub struct Throat {
   |            ------ field in this struct
31 |     pub intent: IntentVector,
32 |     pub last_dim_count: usize,
   |         ^^^^^^^^^^^^^^
   |
   = note: `Throat` has derived impls for the traits `Clone` and `Debug`, but these are intentionally ignored during de
ad code analysis

warning: methods `capture`, `infer_domain_intent`, `detect_correlations`, and `intent_summary` are never used
   --> src\throat.rs:53:12
    |
 35 | impl Throat {
    | ----------- methods in this implementation
...
 53 |     pub fn capture(
    |            ^^^^^^^
...
119 |     fn infer_domain_intent(&self, emotion: &str, _top_region: &str, cognitive: f64) -> f64 {
    |        ^^^^^^^^^^^^^^^^^^^
...
130 |     fn detect_correlations(&self) -> Vec<String> {
    |        ^^^^^^^^^^^^^^^^^^^
...
203 |     pub fn intent_summary(&self) -> String {
    |            ^^^^^^^^^^^^^^

warning: fields `features`, `seq`, and `intent_tag` are never read
  --> src\grid_distill.rs:10:9
   |
 8 | pub struct SemanticAnchor {
   |            -------------- fields in this struct
 9 |     /// ________________________________mbedding_?
10 |     pub features: Vec<f64>,
   |         ^^^^^^^^
11 |     /// ____?
12 |     pub seq: usize,
   |         ^^^
13 |     /// _______________
14 |     pub intent_tag: String,
   |         ^^^^^^^^^^
   |
   = note: `SemanticAnchor` has derived impls for the traits `Clone` and `Debug`, but these are intentionally ignored d
uring dead code analysis

warning: fields `window`, `window_size`, `drift_threshold`, `adjustments`, and `current_seq` are never read
  --> src\grid_distill.rs:20:5
   |
18 | pub struct GridDistiller {
   |            ------------- fields in this struct
19 |     /// _____________?N ____?
20 |     window: VecDeque<SemanticAnchor>,
   |     ^^^^^^
21 |     /// ______
22 |     window_size: usize,
   |     ^^^^^^^^^^^
23 |     /// ______________ > _________
24 |     drift_threshold: f64,
   |     ^^^^^^^^^^^^^^^
25 |     /// _________
26 |     pub adjustments: usize,
   |         ^^^^^^^^^^^
27 |     /// _______?
28 |     current_seq: usize,
   |     ^^^^^^^^^^^

warning: methods `feed`, `extract_anchor`, `detect_drift`, `drift_report`, and `reset` are never used
  --> src\grid_distill.rs:42:8
   |
31 | impl GridDistiller {
   | ------------------ methods in this implementation
...
42 |     fn feed(&mut self, text: &str, intent_tag: &str) -> bool {
   |        ^^^^
...
57 |     fn extract_anchor(&self, text: &str, intent_tag: &str) -> SemanticAnchor {
   |        ^^^^^^^^^^^^^^
...
74 |     fn detect_drift(&self, anchor: &SemanticAnchor) -> bool {
   |        ^^^^^^^^^^^^
...
88 |     fn drift_report(&self) -> String {
   |        ^^^^^^^^^^^^
...
99 |     pub fn reset(&mut self) {
   |            ^^^^^

warning: function `cosine_distance` is never used
   --> src\grid_distill.rs:107:4
    |
107 | fn cosine_distance(a: &[f64], b: &[f64]) -> f64 {
    |    ^^^^^^^^^^^^^^^

warning: variant `Checkpoint` is never constructed
 --> src\report_protocol.rs:9:5
  |
6 | pub enum ReportState {
  |          ----------- variant in this enum
...
9 |     Checkpoint { task: String, started: Instant, note: String },
  |     ^^^^^^^^^^
  |
  = note: `ReportState` has derived impls for the traits `Clone` and `Debug`, but these are intentionally ignored durin
g dead code analysis

warning: methods `is_working`, `label`, `elapsed_secs`, and `summary` are never used
  --> src\report_protocol.rs:19:12
   |
14 | impl ReportState {
   | ---------------- methods in this implementation
...
19 |     pub fn is_working(&self) -> bool {
   |            ^^^^^^^^^^
...
24 |     pub fn label(&self) -> &str {
   |            ^^^^^
...
34 |     pub fn elapsed_secs(&self) -> Option<f64> {
   |            ^^^^^^^^^^^^
...
46 |     pub fn summary(&self) -> String {
   |            ^^^^^^^

warning: methods `set_sender`, `checkpoint`, `reset`, `state`, `recent_history`, and `status_line` are never used
   --> src\report_protocol.rs:75:12
    |
 66 | impl ReportProtocol {
    | ------------------- methods in this implementation
...
 75 |     pub fn set_sender<F>(&mut self, f: F)
    |            ^^^^^^^^^^
...
 94 |     pub fn checkpoint(&mut self, note: &str) {
    |            ^^^^^^^^^^
...
165 |     pub fn reset(&mut self) {
    |            ^^^^^
...
170 |     pub fn state(&self) -> &ReportState {
    |            ^^^^^
...
174 |     pub fn recent_history(&self, n: usize) -> Vec<&ReportState> {
    |            ^^^^^^^^^^^^^^
...
178 |     pub fn status_line(&self) -> String {
    |            ^^^^^^^^^^^

warning: methods `record_response`, `recent_actions`, and `report` are never used
   --> src\reflexion.rs:126:12
    |
 44 | impl ReflexionLoop {
    | ------------------ methods in this implementation
...
126 |     pub fn record_response(&mut self, input: &str, output: &str, duration: u64) {
    |            ^^^^^^^^^^^^^^^
...
260 |     pub fn recent_actions(&self, n: usize) -> Vec<&ActionRecord> {
    |            ^^^^^^^^^^^^^^
...
272 |     pub fn report(&self) -> String {
    |            ^^^^^^

warning: enum `Intent` is never used
 --> src\router.rs:5:10
  |
5 | pub enum Intent {
  |          ^^^^^^

warning: method `as_str` is never used
  --> src\router.rs:15:12
   |
14 | impl Intent {
   | ----------- method in this implementation
15 |     pub fn as_str(&self) -> &'static str {
   |            ^^^^^^

warning: struct `RouteDecision` is never constructed
  --> src\router.rs:28:12
   |
28 | pub struct RouteDecision {
   |            ^^^^^^^^^^^^^

warning: struct `Router` is never constructed
  --> src\router.rs:36:12
   |
36 | pub struct Router;
   |            ^^^^^^

warning: associated functions `route`, `classify_intent`, and `extract_params` are never used
  --> src\router.rs:40:8
   |
38 | impl Router {
   | ----------- associated functions in this implementation
39 |     /// _____________?    
40 |     fn route(text: &str) -> RouteDecision {
   |        ^^^^^
...
46 |     fn classify_intent(text: &str) -> Intent {
   |        ^^^^^^^^^^^^^^^
...
96 |     fn extract_params(text: &str, intent: &Intent) -> RouteDecision {
   |        ^^^^^^^^^^^^^^

warning: struct `ValidationResult` is never constructed
  --> src\broker.rs:41:12
   |
41 | pub struct ValidationResult {
   |            ^^^^^^^^^^^^^^^^

warning: associated items `ok`, `fail`, and `summary` are never used
  --> src\broker.rs:49:12
   |
48 | impl ValidationResult {
   | --------------------- associated items in this implementation
49 |     pub fn ok(data: Value) -> Self {
   |            ^^
...
52 |     pub fn fail(errors: Vec<String>) -> Self {
   |            ^^^^
...
55 |     pub fn summary(&self) -> String {
   |            ^^^^^^^

warning: fields `schemas` and `trace_log` are never read
  --> src\broker.rs:65:5
   |
64 | pub struct Broker {
   |            ------ fields in this struct
65 |     schemas: HashMap<String, Value>,
   |     ^^^^^^^
66 |     trace_log: Mutex<Vec<Value>>,
   |     ^^^^^^^^^

warning: methods `validate`, `handoff`, `recent_traces`, and `stats` are never used
   --> src\broker.rs:77:12
    |
 69 | impl Broker {
    | ----------- methods in this implementation
...
 77 |     pub fn validate(&self, artifact_type: &str, data: &Value) -> ValidationResult {
    |            ^^^^^^^^
...
 99 |     pub fn handoff(&self, artifact_type: &str, data: Value, source: &str, target: &str) -> ValidationResult {
    |            ^^^^^^^
...
119 |     pub fn recent_traces(&self, limit: usize) -> Vec<Value> {
    |            ^^^^^^^^^^^^^
...
125 |     pub fn stats(&self) -> Value {
    |            ^^^^^

warning: function `chrono_now` is never used
   --> src\broker.rs:139:4
    |
139 | fn chrono_now() -> String {
    |    ^^^^^^^^^^

warning: method `as_str` is never used
  --> src\repair.rs:51:12
   |
50 | impl RepairAction {
   | ----------------- method in this implementation
51 |     pub fn as_str(&self) -> &str {
   |            ^^^^^^

warning: fields `error_type`, `action`, `priority`, and `description` are never read
  --> src\repair.rs:63:5
   |
62 | pub struct RepairPolicy {
   |            ------------ fields in this struct
63 |     error_type: ErrorType,
   |     ^^^^^^^^^^
64 |     action: RepairAction,
   |     ^^^^^^
65 |     priority: u32,
   |     ^^^^^^^^
66 |     description: &'static str,
   |     ^^^^^^^^^^^

warning: fields `trace_id`, `node_id`, `tool_name`, `input_hash`, `retry_count`, and `timestamp` are never read
  --> src\repair.rs:86:9
   |
85 | pub struct ExecutionTrace {
   |            -------------- fields in this struct
86 |     pub trace_id: String,
   |         ^^^^^^^^
87 |     pub node_id: String,
   |         ^^^^^^^
88 |     pub tool_name: String,
   |         ^^^^^^^^^
89 |     pub input_hash: String,
   |         ^^^^^^^^^^
...
96 |     pub retry_count: u32,
   |         ^^^^^^^^^^^
97 |     pub timestamp: u64,
   |         ^^^^^^^^^
   |
   = note: `ExecutionTrace` has derived impls for the traits `Clone` and `Debug`, but these are intentionally ignored d
uring dead code analysis

warning: method `to_value` is never used
   --> src\repair.rs:134:12
    |
100 | impl ExecutionTrace {
    | ------------------- method in this implementation
...
134 |     pub fn to_value(&self) -> Value {
    |            ^^^^^^^^

warning: fields `policies`, `max_retries`, `max_repair_budget`, and `total_repair_cost` are never read
   --> src\repair.rs:148:5
    |
147 | pub struct RepairEngine {
    |            ------------ fields in this struct
148 |     policies: Vec<RepairPolicy>,
    |     ^^^^^^^^
149 |     traces: Mutex<Vec<ExecutionTrace>>,
150 |     max_retries: u32,
    |     ^^^^^^^^^^^
151 |     max_repair_budget: u64,
    |     ^^^^^^^^^^^^^^^^^
152 |     total_repair_cost: Mutex<u64>,
    |     ^^^^^^^^^^^^^^^^^

warning: methods `check_stop`, `match_policy`, `attempt_repair`, `stats`, and `recent_traces` are never used
   --> src\repair.rs:180:8
    |
155 | impl RepairEngine {
    | ----------------- methods in this implementation
...
180 |     fn check_stop(&self, retry_count: u32) -> Option<String> {
    |        ^^^^^^^^^^
...
192 |     pub fn match_policy(&self, error_type: &ErrorType, retry_count: u32) -> Option<&RepairPolicy> {
    |            ^^^^^^^^^^^^
...
207 |     pub fn attempt_repair(&self, trace: &mut ExecutionTrace) -> Value {
    |            ^^^^^^^^^^^^^^
...
229 |     pub fn stats(&self) -> Value {
    |            ^^^^^
...
247 |     pub fn recent_traces(&self, limit: usize) -> Vec<Value> {
    |            ^^^^^^^^^^^^^

warning: associated function `from_json` is never used
  --> src\agent_loop.rs:26:12
   |
25 | impl Plan {
   | --------- associated function in this implementation
26 |     pub fn from_json(json_str: &str) -> Self {
   |            ^^^^^^^^^

warning: method `reset` is never used
   --> src\agent_loop.rs:114:8
    |
 73 | impl Scratchpad {
    | --------------- method in this implementation
...
114 |     fn reset(&mut self) {
    |        ^^^^^

warning: field `success` is never read
   --> src\agent_loop.rs:161:9
    |
157 | pub struct AgentResult {
    |            ----------- field in this struct
...
161 |     pub success: bool,
    |         ^^^^^^^

warning: struct `Sight` is never constructed
  --> src\eyes.rs:16:12
   |
16 | pub struct Sight {
   |            ^^^^^

warning: enum `SourceType` is never used
  --> src\eyes.rs:27:10
   |
27 | pub enum SourceType {
   |          ^^^^^^^^^^

warning: enum `QualityGuess` is never used
  --> src\eyes.rs:38:10
   |
38 | pub enum QualityGuess {
   |          ^^^^^^^^^^^^

warning: struct `Eyes` is never constructed
  --> src\eyes.rs:46:12
   |
46 | pub struct Eyes {
   |            ^^^^

warning: multiple associated items are never used
   --> src\eyes.rs:56:12
    |
 55 | impl Eyes {
    | --------- associated items in this implementation
 56 |     pub fn new() -> Self {
    |            ^^^
...
 65 |     pub async fn look(&mut self, url: &str) -> Sight {
    |                  ^^^^
...
 95 |     pub fn remember(&mut self, url: &str) -> bool {
    |            ^^^^^^^^
...
108 |     pub fn recent_summary(&self) -> Vec<String> {
    |            ^^^^^^^^^^^^^^
...
116 |     fn remembered_summary(&self) -> Vec<String> {
    |        ^^^^^^^^^^^^^^^^^^
...
124 |     async fn fetch(&self, url: &str) -> String {
    |              ^^^^^
...
142 |     fn extract_title(&self, html: &str, fallback_url: &str) -> String {
    |        ^^^^^^^^^^^^^
...
184 |     fn extract_body(&self, html: &str) -> String {
    |        ^^^^^^^^^^^^
...
209 |     fn remove_tags(&self, html: &str, tags: &[&str]) -> String {
    |        ^^^^^^^^^^^
...
226 |     fn get_body<'a>(&self, html: &'a str) -> &'a str {
    |        ^^^^^^^^
...
237 |     fn strip_html(&self, text: &str) -> String {
    |        ^^^^^^^^^^
...
299 |     fn classify_url(&self, url: &str) -> SourceType {
    |        ^^^^^^^^^^^^
...
320 |     fn judge(&self, body: &str, title: &str, source: &SourceType) -> QualityGuess {
    |        ^^^^^

error: underscore literal suffix is not allowed
  --> src\bin\test_send_file.rs:32:115
   |
32 | ...   Some(-2) => eprintln!("___ _________60____?),        Some(0) | None if result.ret == Some(0) => println!("_?
________"),       ...
   |                                                                                                                 ^

error: prefix `________` is unknown
  --> src\bin\test_send_file.rs:32:117
   |
32 | ...me(0) | None if result.ret == Some(0) => println!("_?________"),        _ => eprintln!("___ _______?),
   |                                                         ^^^^^^^^ unknown prefix
   |
   = note: prefixed identifiers and literals are reserved since Rust 2021
help: consider inserting whitespace here
   |
32 |         Some(-2) => eprintln!("___ _________60____?),        Some(0) | None if result.ret == Some(0) => println!("
_?________ "),        _ => eprintln!("___ _______?),
   |                                                                                                                   
          +

error: unexpected closing delimiter: `}`
  --> src\bin\test_send_file.rs:34:5
   |
 5 | async fn main() -> Result<(), Box<dyn std::error::Error>> {
   |                                                           - this delimiter might not be properly closed...
...
21 |     }
   |     - ...as it matches this but it has different indentation
...
34 |     }
   |     ^ unexpected closing delimiter

error: could not compile `xi-system` (bin "test_send_file") due to 3 previous errors
warning: build failed, waiting for other jobs to finish...
warning: `xi-system` (bin "xi-system") generated 179 warnings (40 duplicates) (run `cargo fix --bin "xi-system" -p xi-s
ystem` to apply 12 suggestions)
